$go test

Testing:
========

OKAY: Morse('Hello') == '.... . .-.. .-.. ---'
OKAY: Morse('0123456789') == '----- .---- ..--- ...-- ....- ..... -.... --... --
-.. ----.'
OKAY: Morse('GopherCon') == '--. --- .--. .... . .-. -.-. --- -. .. -. -..
.. .-'
OKAY: Morse('golang') == '--. --- .-.. .- -. --.'
OKAY: Morse('@#$()!+_-') == '.--.-. -.--. ...-.- -.--. -.--.- ---. .-.-. ..--.-
-....-'
OKAY: Morse('abcd') == '.- -... -.-. -..'
OKAY: Morse('') == ''

All tests passed!

PASS
ok      /gopher        0.098s